00:00.799  blend            | Read blend: "/Users/nesbes/chess/promo/software/Khatib-Software.blend"
/Users/nesbes/chess/promo/software/finish.py:17: DeprecationWarning: 'MovieStrip.frame_final_end' is expected to be removed in Blender 6.0
  v.frame_final_end=1201
00:01.069  render           | Video append frame 1
00:01.076  render           | Video append frame 2
00:01.082  render           | Video append frame 3
00:01.089  render           | Video append frame 4
00:01.094  render           | Video append frame 5
00:01.100  render           | Video append frame 6
00:01.106  render           | Video append frame 7
00:01.114  render           | Video append frame 8
00:01.120  render           | Video append frame 9
00:01.126  render           | Video append frame 10
00:01.134  render           | Video append frame 11
00:01.140  render           | Video append frame 12
00:01.148  render           | Video append frame 13
00:01.153  render           | Video append frame 14
00:01.161  render           | Video append frame 15
00:01.167  render           | Video append frame 16
00:01.173  render           | Video append frame 17
00:01.180  render           | Video append frame 18
00:01.185  render           | Video append frame 19
00:01.193  render           | Video append frame 20
00:01.218  render           | Video append frame 21
00:01.225  render           | Video append frame 22
00:01.233  render           | Video append frame 23
00:01.242  render           | Video append frame 24
00:01.250  render           | Video append frame 25
00:01.259  render           | Video append frame 26
00:01.268  render           | Video append frame 27
00:01.276  render           | Video append frame 28
00:01.287  render           | Video append frame 29
00:01.295  render           | Video append frame 30
00:01.305  render           | Video append frame 31
00:01.315  render           | Video append frame 32
00:01.325  render           | Video append frame 33
00:01.335  render           | Video append frame 34
00:01.347  render           | Video append frame 35
00:01.356  render           | Video append frame 36
00:01.369  render           | Video append frame 37
00:01.380  render           | Video append frame 38
00:01.395  render           | Video append frame 39
00:01.405  render           | Video append frame 40
00:01.412  render           | Video append frame 41
00:01.421  render           | Video append frame 42
00:01.431  render           | Video append frame 43
00:01.441  render           | Video append frame 44
00:01.450  render           | Video append frame 45
00:01.459  render           | Video append frame 46
00:01.470  render           | Video append frame 47
00:01.482  render           | Video append frame 48
00:01.492  render           | Video append frame 49
00:01.502  render           | Video append frame 50
00:01.511  render           | Video append frame 51
00:01.519  render           | Video append frame 52
00:01.527  render           | Video append frame 53
00:01.537  render           | Video append frame 54
00:01.545  render           | Video append frame 55
00:01.556  render           | Video append frame 56
00:01.566  render           | Video append frame 57
00:01.575  render           | Video append frame 58
00:01.585  render           | Video append frame 59
00:01.595  render           | Video append frame 60
00:01.610  render           | Video append frame 61
00:01.616  render           | Video append frame 62
00:01.624  render           | Video append frame 63
00:01.632  render           | Video append frame 64
00:01.640  render           | Video append frame 65
00:01.648  render           | Video append frame 66
00:01.657  render           | Video append frame 67
00:01.665  render           | Video append frame 68
00:01.674  render           | Video append frame 69
00:01.684  render           | Video append frame 70
00:01.691  render           | Video append frame 71
00:01.701  render           | Video append frame 72
00:01.709  render           | Video append frame 73
00:01.718  render           | Video append frame 74
00:01.728  render           | Video append frame 75
00:01.735  render           | Video append frame 76
00:01.743  render           | Video append frame 77
00:01.750  render           | Video append frame 78
00:01.756  render           | Video append frame 79
00:01.763  render           | Video append frame 80
00:01.776  render           | Video append frame 81
00:01.786  render           | Video append frame 82
00:01.792  render           | Video append frame 83
00:01.799  render           | Video append frame 84
00:01.807  render           | Video append frame 85
00:01.813  render           | Video append frame 86
00:01.820  render           | Video append frame 87
00:01.827  render           | Video append frame 88
00:01.835  render           | Video append frame 89
00:01.842  render           | Video append frame 90
00:01.849  render           | Video append frame 91
00:01.856  render           | Video append frame 92
00:01.863  render           | Video append frame 93
00:01.872  render           | Video append frame 94
00:01.880  render           | Video append frame 95
00:01.887  render           | Video append frame 96
00:01.897  render           | Video append frame 97
00:01.907  render           | Video append frame 98
00:01.923  render           | Video append frame 99
00:01.933  render           | Video append frame 100
00:01.942  render           | Video append frame 101
00:01.950  render           | Video append frame 102
00:01.957  render           | Video append frame 103
00:01.964  render           | Video append frame 104
00:01.972  render           | Video append frame 105
00:01.985  render           | Video append frame 106
00:01.991  render           | Video append frame 107
00:01.997  render           | Video append frame 108
00:02.005  render           | Video append frame 109
00:02.012  render           | Video append frame 110
00:02.020  render           | Video append frame 111
00:02.027  render           | Video append frame 112
00:02.034  render           | Video append frame 113
00:02.042  render           | Video append frame 114
00:02.049  render           | Video append frame 115
00:02.056  render           | Video append frame 116
00:02.064  render           | Video append frame 117
00:02.070  render           | Video append frame 118
00:02.077  render           | Video append frame 119
00:02.084  render           | Video append frame 120
00:02.090  render           | Video append frame 121
00:02.096  render           | Video append frame 122
00:02.106  render           | Video append frame 123
00:02.113  render           | Video append frame 124
00:02.121  render           | Video append frame 125
00:02.129  render           | Video append frame 126
00:02.138  render           | Video append frame 127
00:02.146  render           | Video append frame 128
00:02.154  render           | Video append frame 129
00:02.163  render           | Video append frame 130
00:02.171  render           | Video append frame 131
00:02.181  render           | Video append frame 132
00:02.191  render           | Video append frame 133
00:02.201  render           | Video append frame 134
00:02.210  render           | Video append frame 135
00:02.220  render           | Video append frame 136
00:02.231  render           | Video append frame 137
00:02.240  render           | Video append frame 138
00:02.249  render           | Video append frame 139
00:02.262  render           | Video append frame 140
00:02.271  render           | Video append frame 141
00:02.280  render           | Video append frame 142
00:02.289  render           | Video append frame 143
00:02.304  render           | Video append frame 144
00:02.312  render           | Video append frame 145
00:02.320  render           | Video append frame 146
00:02.329  render           | Video append frame 147
00:02.337  render           | Video append frame 148
00:02.344  render           | Video append frame 149
00:02.352  render           | Video append frame 150
00:02.376  render           | Video append frame 151
00:02.382  render           | Video append frame 152
00:02.390  render           | Video append frame 153
00:02.402  render           | Video append frame 154
00:02.413  render           | Video append frame 155
00:02.433  render           | Video append frame 156
00:02.448  render           | Video append frame 157
00:02.458  render           | Video append frame 158
00:02.467  render           | Video append frame 159
00:02.474  render           | Video append frame 160
00:02.484  render           | Video append frame 161
00:02.508  render           | Video append frame 162
00:02.518  render           | Video append frame 163
00:02.526  render           | Video append frame 164
00:02.535  render           | Video append frame 165
00:02.545  render           | Video append frame 166
00:02.561  render           | Video append frame 167
00:02.571  render           | Video append frame 168
00:02.579  render           | Video append frame 169
00:02.586  render           | Video append frame 170
00:02.597  render           | Video append frame 171
00:02.605  render           | Video append frame 172
00:02.614  render           | Video append frame 173
00:02.623  render           | Video append frame 174
00:02.632  render           | Video append frame 175
00:02.639  render           | Video append frame 176
00:02.656  render           | Video append frame 177
00:02.665  render           | Video append frame 178
00:02.672  render           | Video append frame 179
00:02.682  render           | Video append frame 180
00:02.699  render           | Video append frame 181
00:02.718  render           | Video append frame 182
00:02.727  render           | Video append frame 183
00:02.740  render           | Video append frame 184
00:02.748  render           | Video append frame 185
00:02.755  render           | Video append frame 186
00:02.766  render           | Video append frame 187
00:02.775  render           | Video append frame 188
00:02.787  render           | Video append frame 189
00:02.796  render           | Video append frame 190
00:02.806  render           | Video append frame 191
00:02.812  render           | Video append frame 192
00:02.822  render           | Video append frame 193
00:02.831  render           | Video append frame 194
00:02.838  render           | Video append frame 195
00:02.852  render           | Video append frame 196
00:02.858  render           | Video append frame 197
00:02.865  render           | Video append frame 198
00:02.873  render           | Video append frame 199
00:02.881  render           | Video append frame 200
00:02.889  render           | Video append frame 201
00:02.896  render           | Video append frame 202
00:02.906  render           | Video append frame 203
00:02.913  render           | Video append frame 204
00:02.925  render           | Video append frame 205
00:02.936  render           | Video append frame 206
00:02.943  render           | Video append frame 207
00:02.951  render           | Video append frame 208
00:02.958  render           | Video append frame 209
00:02.964  render           | Video append frame 210
00:02.971  render           | Video append frame 211
00:02.977  render           | Video append frame 212
00:02.984  render           | Video append frame 213
00:02.991  render           | Video append frame 214
00:02.998  render           | Video append frame 215
00:03.007  render           | Video append frame 216
00:03.014  render           | Video append frame 217
00:03.021  render           | Video append frame 218
00:03.029  render           | Video append frame 219
00:03.034  render           | Video append frame 220
00:03.041  render           | Video append frame 221
00:03.047  render           | Video append frame 222
00:03.057  render           | Video append frame 223
00:03.063  render           | Video append frame 224
00:03.072  render           | Video append frame 225
00:03.089  render           | Video append frame 226
00:03.094  render           | Video append frame 227
00:03.102  render           | Video append frame 228
00:03.108  render           | Video append frame 229
00:03.119  render           | Video append frame 230
00:03.126  render           | Video append frame 231
00:03.135  render           | Video append frame 232
00:03.144  render           | Video append frame 233
00:03.151  render           | Video append frame 234
00:03.161  render           | Video append frame 235
00:03.168  render           | Video append frame 236
00:03.178  render           | Video append frame 237
00:03.185  render           | Video append frame 238
00:03.194  render           | Video append frame 239
00:03.205  render           | Video append frame 240
00:03.223  render           | Video append frame 241
00:03.230  render           | Video append frame 242
00:03.236  render           | Video append frame 243
00:03.246  render           | Video append frame 244
00:03.257  render           | Video append frame 245
00:03.270  render           | Video append frame 246
00:03.281  render           | Video append frame 247
00:03.293  render           | Video append frame 248
00:03.302  render           | Video append frame 249
00:03.312  render           | Video append frame 250
00:03.321  render           | Video append frame 251
00:03.330  render           | Video append frame 252
00:03.340  render           | Video append frame 253
00:03.352  render           | Video append frame 254
00:03.367  render           | Video append frame 255
00:03.391  render           | Video append frame 256
00:03.402  render           | Video append frame 257
00:03.415  render           | Video append frame 258
00:03.423  render           | Video append frame 259
00:03.431  render           | Video append frame 260
00:03.437  render           | Video append frame 261
00:03.446  render           | Video append frame 262
00:03.453  render           | Video append frame 263
00:03.461  render           | Video append frame 264
00:03.468  render           | Video append frame 265
00:03.476  render           | Video append frame 266
00:03.485  render           | Video append frame 267
00:03.492  render           | Video append frame 268
00:03.501  render           | Video append frame 269
00:03.512  render           | Video append frame 270
00:03.529  render           | Video append frame 271
00:03.536  render           | Video append frame 272
00:03.545  render           | Video append frame 273
00:03.557  render           | Video append frame 274
00:03.567  render           | Video append frame 275
00:03.577  render           | Video append frame 276
00:03.585  render           | Video append frame 277
00:03.595  render           | Video append frame 278
00:03.604  render           | Video append frame 279
00:03.616  render           | Video append frame 280
00:03.625  render           | Video append frame 281
00:03.635  render           | Video append frame 282
00:03.644  render           | Video append frame 283
00:03.653  render           | Video append frame 284
00:03.662  render           | Video append frame 285
00:03.671  render           | Video append frame 286
00:03.713  render           | Video append frame 287
00:03.725  render           | Video append frame 288
00:03.734  render           | Video append frame 289
00:03.789  render           | Video append frame 290
00:03.794  render           | Video append frame 291
00:03.799  render           | Video append frame 292
00:03.808  render           | Video append frame 293
00:03.814  render           | Video append frame 294
00:03.820  render           | Video append frame 295
00:03.826  render           | Video append frame 296
00:03.833  render           | Video append frame 297
00:03.841  render           | Video append frame 298
00:03.847  render           | Video append frame 299
00:03.855  render           | Video append frame 300
00:03.861  render           | Video append frame 301
00:03.869  render           | Video append frame 302
00:03.877  render           | Video append frame 303
00:03.885  render           | Video append frame 304
00:03.895  render           | Video append frame 305
00:03.909  render           | Video append frame 306
00:03.924  render           | Video append frame 307
00:03.932  render           | Video append frame 308
00:03.939  render           | Video append frame 309
00:03.946  render           | Video append frame 310
00:03.952  render           | Video append frame 311
00:03.972  render           | Video append frame 312
00:03.980  render           | Video append frame 313
00:03.986  render           | Video append frame 314
00:04.000  render           | Video append frame 315
00:04.075  render           | Video append frame 316
00:04.093  render           | Video append frame 317
00:04.105  render           | Video append frame 318
00:04.113  render           | Video append frame 319
00:04.129  render           | Video append frame 320
00:04.148  render           | Video append frame 321
00:04.155  render           | Video append frame 322
00:04.164  render           | Video append frame 323
00:04.187  render           | Video append frame 324
00:04.207  render           | Video append frame 325
00:04.215  render           | Video append frame 326
00:04.221  render           | Video append frame 327
00:04.229  render           | Video append frame 328
00:04.237  render           | Video append frame 329
00:04.246  render           | Video append frame 330
00:04.253  render           | Video append frame 331
00:04.259  render           | Video append frame 332
00:04.265  render           | Video append frame 333
00:04.271  render           | Video append frame 334
00:04.277  render           | Video append frame 335
00:04.282  render           | Video append frame 336
00:04.288  render           | Video append frame 337
00:04.320  render           | Video append frame 338
00:04.334  render           | Video append frame 339
00:04.346  render           | Video append frame 340
00:04.355  render           | Video append frame 341
00:04.370  render           | Video append frame 342
00:04.382  render           | Video append frame 343
00:04.398  render           | Video append frame 344
00:04.408  render           | Video append frame 345
00:04.419  render           | Video append frame 346
00:04.430  render           | Video append frame 347
00:04.439  render           | Video append frame 348
00:04.445  render           | Video append frame 349
00:04.454  render           | Video append frame 350
00:04.462  render           | Video append frame 351
00:04.470  render           | Video append frame 352
00:04.479  render           | Video append frame 353
00:04.488  render           | Video append frame 354
00:04.495  render           | Video append frame 355
00:04.504  render           | Video append frame 356
00:04.510  render           | Video append frame 357
00:04.518  render           | Video append frame 358
00:04.528  render           | Video append frame 359
00:04.536  render           | Video append frame 360
00:04.544  render           | Video append frame 361
00:04.551  render           | Video append frame 362
00:04.560  render           | Video append frame 363
00:04.568  render           | Video append frame 364
00:04.575  render           | Video append frame 365
00:04.586  render           | Video append frame 366
00:04.598  render           | Video append frame 367
00:04.609  render           | Video append frame 368
00:04.619  render           | Video append frame 369
00:04.631  render           | Video append frame 370
00:04.640  render           | Video append frame 371
00:04.650  render           | Video append frame 372
00:04.658  render           | Video append frame 373
00:04.667  render           | Video append frame 374
00:04.675  render           | Video append frame 375
00:04.684  render           | Video append frame 376
00:04.694  render           | Video append frame 377
00:04.705  render           | Video append frame 378
00:04.715  render           | Video append frame 379
00:04.725  render           | Video append frame 380
00:04.736  render           | Video append frame 381
00:04.745  render           | Video append frame 382
00:04.755  render           | Video append frame 383
00:04.764  render           | Video append frame 384
00:04.768  render           | Video append frame 385
00:04.775  render           | Video append frame 386
00:04.783  render           | Video append frame 387
00:04.790  render           | Video append frame 388
00:04.797  render           | Video append frame 389
00:04.807  render           | Video append frame 390
00:04.852  render           | Video append frame 391
00:04.862  render           | Video append frame 392
00:04.871  render           | Video append frame 393
00:04.882  render           | Video append frame 394
00:04.891  render           | Video append frame 395
00:04.899  render           | Video append frame 396
00:04.908  render           | Video append frame 397
00:04.915  render           | Video append frame 398
00:04.922  render           | Video append frame 399
00:04.933  render           | Video append frame 400
00:04.942  render           | Video append frame 401
00:04.952  render           | Video append frame 402
00:04.957  render           | Video append frame 403
00:04.966  render           | Video append frame 404
00:04.974  render           | Video append frame 405
00:04.982  render           | Video append frame 406
00:04.989  render           | Video append frame 407
00:04.997  render           | Video append frame 408
00:05.005  render           | Video append frame 409
00:05.012  render           | Video append frame 410
00:05.020  render           | Video append frame 411
00:05.027  render           | Video append frame 412
00:05.037  render           | Video append frame 413
00:05.049  render           | Video append frame 414
00:05.063  render           | Video append frame 415
00:05.076  render           | Video append frame 416
00:05.085  render           | Video append frame 417
00:05.095  render           | Video append frame 418
00:05.107  render           | Video append frame 419
00:05.125  render           | Video append frame 420
00:05.140  render           | Video append frame 421
00:05.151  render           | Video append frame 422
00:05.161  render           | Video append frame 423
00:05.172  render           | Video append frame 424
00:05.185  render           | Video append frame 425
00:05.191  render           | Video append frame 426
00:05.200  render           | Video append frame 427
00:05.212  render           | Video append frame 428
00:05.221  render           | Video append frame 429
00:05.228  render           | Video append frame 430
00:05.235  render           | Video append frame 431
00:05.243  render           | Video append frame 432
00:05.254  render           | Video append frame 433
00:05.261  render           | Video append frame 434
00:05.267  render           | Video append frame 435
00:05.276  render           | Video append frame 436
00:05.282  render           | Video append frame 437
00:05.288  render           | Video append frame 438
00:05.294  render           | Video append frame 439
00:05.299  render           | Video append frame 440
00:05.307  render           | Video append frame 441
00:05.313  render           | Video append frame 442
00:05.321  render           | Video append frame 443
00:05.329  render           | Video append frame 444
00:05.335  render           | Video append frame 445
00:05.341  render           | Video append frame 446
00:05.348  render           | Video append frame 447
00:05.358  render           | Video append frame 448
00:05.364  render           | Video append frame 449
00:05.370  render           | Video append frame 450
00:05.379  render           | Video append frame 451
00:05.387  render           | Video append frame 452
00:05.394  render           | Video append frame 453
00:05.401  render           | Video append frame 454
00:05.407  render           | Video append frame 455
00:05.416  render           | Video append frame 456
00:05.424  render           | Video append frame 457
00:05.434  render           | Video append frame 458
00:05.444  render           | Video append frame 459
00:05.452  render           | Video append frame 460
00:05.458  render           | Video append frame 461
00:05.628  render           | Video append frame 462
00:05.635  render           | Video append frame 463
00:05.641  render           | Video append frame 464
00:05.649  render           | Video append frame 465
00:05.656  render           | Video append frame 466
00:05.663  render           | Video append frame 467
00:05.669  render           | Video append frame 468
00:05.678  render           | Video append frame 469
00:05.691  render           | Video append frame 470
00:05.698  render           | Video append frame 471
00:05.706  render           | Video append frame 472
00:05.712  render           | Video append frame 473
00:05.718  render           | Video append frame 474
00:05.723  render           | Video append frame 475
00:05.728  render           | Video append frame 476
00:05.736  render           | Video append frame 477
00:05.743  render           | Video append frame 478
00:05.750  render           | Video append frame 479
00:05.759  render           | Video append frame 480
00:05.766  render           | Video append frame 481
00:05.774  render           | Video append frame 482
00:05.782  render           | Video append frame 483
00:05.791  render           | Video append frame 484
00:05.798  render           | Video append frame 485
00:05.808  render           | Video append frame 486
00:05.815  render           | Video append frame 487
00:05.824  render           | Video append frame 488
00:05.833  render           | Video append frame 489
00:05.838  render           | Video append frame 490
00:05.844  render           | Video append frame 491
00:05.849  render           | Video append frame 492
00:05.855  render           | Video append frame 493
00:05.860  render           | Video append frame 494
00:05.866  render           | Video append frame 495
00:05.873  render           | Video append frame 496
00:05.879  render           | Video append frame 497
00:05.884  render           | Video append frame 498
00:05.889  render           | Video append frame 499
00:05.895  render           | Video append frame 500
00:05.901  render           | Video append frame 501
00:05.907  render           | Video append frame 502
00:05.913  render           | Video append frame 503
00:05.920  render           | Video append frame 504
00:05.927  render           | Video append frame 505
00:05.936  render           | Video append frame 506
00:05.942  render           | Video append frame 507
00:05.948  render           | Video append frame 508
00:05.954  render           | Video append frame 509
00:05.960  render           | Video append frame 510
00:05.970  render           | Video append frame 511
00:05.975  render           | Video append frame 512
00:05.981  render           | Video append frame 513
00:05.988  render           | Video append frame 514
00:05.992  render           | Video append frame 515
00:06.001  render           | Video append frame 516
00:06.005  render           | Video append frame 517
00:06.012  render           | Video append frame 518
00:06.018  render           | Video append frame 519
00:06.022  render           | Video append frame 520
00:06.027  render           | Video append frame 521
00:06.032  render           | Video append frame 522
00:06.040  render           | Video append frame 523
00:06.046  render           | Video append frame 524
00:06.054  render           | Video append frame 525
00:06.060  render           | Video append frame 526
00:06.069  render           | Video append frame 527
00:06.076  render           | Video append frame 528
00:06.083  render           | Video append frame 529
00:06.091  render           | Video append frame 530
00:06.100  render           | Video append frame 531
00:06.107  render           | Video append frame 532
00:06.114  render           | Video append frame 533
00:06.126  render           | Video append frame 534
00:06.132  render           | Video append frame 535
00:06.140  render           | Video append frame 536
00:06.152  render           | Video append frame 537
00:06.161  render           | Video append frame 538
00:06.169  render           | Video append frame 539
00:06.177  render           | Video append frame 540
00:06.187  render           | Video append frame 541
00:06.193  render           | Video append frame 542
00:06.200  render           | Video append frame 543
00:06.210  render           | Video append frame 544
00:06.217  render           | Video append frame 545
00:06.225  render           | Video append frame 546
00:06.233  render           | Video append frame 547
00:06.239  render           | Video append frame 548
00:06.244  render           | Video append frame 549
00:06.250  render           | Video append frame 550
00:06.256  render           | Video append frame 551
00:06.262  render           | Video append frame 552
00:06.270  render           | Video append frame 553
00:06.276  render           | Video append frame 554
00:06.283  render           | Video append frame 555
00:06.290  render           | Video append frame 556
00:06.296  render           | Video append frame 557
00:06.302  render           | Video append frame 558
00:06.307  render           | Video append frame 559
00:06.315  render           | Video append frame 560
00:06.321  render           | Video append frame 561
00:06.326  render           | Video append frame 562
00:06.332  render           | Video append frame 563
00:06.339  render           | Video append frame 564
00:06.345  render           | Video append frame 565
00:06.352  render           | Video append frame 566
00:06.358  render           | Video append frame 567
00:06.365  render           | Video append frame 568
00:06.371  render           | Video append frame 569
00:06.376  render           | Video append frame 570
00:06.384  render           | Video append frame 571
00:06.390  render           | Video append frame 572
00:06.396  render           | Video append frame 573
00:06.402  render           | Video append frame 574
00:06.409  render           | Video append frame 575
00:06.416  render           | Video append frame 576
00:06.423  render           | Video append frame 577
00:06.433  render           | Video append frame 578
00:06.439  render           | Video append frame 579
00:06.444  render           | Video append frame 580
00:06.450  render           | Video append frame 581
00:06.455  render           | Video append frame 582
00:06.461  render           | Video append frame 583
00:06.467  render           | Video append frame 584
00:06.476  render           | Video append frame 585
00:06.482  render           | Video append frame 586
00:06.488  render           | Video append frame 587
00:06.496  render           | Video append frame 588
00:06.504  render           | Video append frame 589
00:06.512  render           | Video append frame 590
00:06.523  render           | Video append frame 591
00:06.531  render           | Video append frame 592
00:06.544  render           | Video append frame 593
00:06.553  render           | Video append frame 594
00:06.561  render           | Video append frame 595
00:06.569  render           | Video append frame 596
00:06.577  render           | Video append frame 597
00:06.584  render           | Video append frame 598
00:06.593  render           | Video append frame 599
00:06.601  render           | Video append frame 600
00:06.608  render           | Video append frame 601
00:06.614  render           | Video append frame 602
00:06.621  render           | Video append frame 603
00:06.629  render           | Video append frame 604
00:06.639  render           | Video append frame 605
00:06.645  render           | Video append frame 606
00:06.655  render           | Video append frame 607
00:06.663  render           | Video append frame 608
00:06.672  render           | Video append frame 609
00:06.678  render           | Video append frame 610
00:06.684  render           | Video append frame 611
00:06.692  render           | Video append frame 612
00:06.700  render           | Video append frame 613
00:06.709  render           | Video append frame 614
00:06.716  render           | Video append frame 615
00:06.726  render           | Video append frame 616
00:06.734  render           | Video append frame 617
00:06.740  render           | Video append frame 618
00:06.747  render           | Video append frame 619
00:06.754  render           | Video append frame 620
00:06.761  render           | Video append frame 621
00:06.767  render           | Video append frame 622
00:06.775  render           | Video append frame 623
00:06.781  render           | Video append frame 624
00:06.790  render           | Video append frame 625
00:06.798  render           | Video append frame 626
00:06.804  render           | Video append frame 627
00:06.813  render           | Video append frame 628
00:06.819  render           | Video append frame 629
00:06.825  render           | Video append frame 630
00:06.836  render           | Video append frame 631
00:06.845  render           | Video append frame 632
00:06.850  render           | Video append frame 633
00:06.856  render           | Video append frame 634
00:06.862  render           | Video append frame 635
00:06.867  render           | Video append frame 636
00:06.874  render           | Video append frame 637
00:06.879  render           | Video append frame 638
00:06.887  render           | Video append frame 639
00:06.894  render           | Video append frame 640
00:06.899  render           | Video append frame 641
00:06.906  render           | Video append frame 642
00:06.913  render           | Video append frame 643
00:06.921  render           | Video append frame 644
00:06.927  render           | Video append frame 645
00:06.934  render           | Video append frame 646
00:06.939  render           | Video append frame 647
00:06.946  render           | Video append frame 648
00:06.953  render           | Video append frame 649
00:06.961  render           | Video append frame 650
00:06.968  render           | Video append frame 651
00:06.976  render           | Video append frame 652
00:06.982  render           | Video append frame 653
00:06.988  render           | Video append frame 654
00:06.995  render           | Video append frame 655
00:07.003  render           | Video append frame 656
00:07.010  render           | Video append frame 657
00:07.019  render           | Video append frame 658
00:07.026  render           | Video append frame 659
00:07.033  render           | Video append frame 660
00:07.039  render           | Video append frame 661
00:07.045  render           | Video append frame 662
00:07.053  render           | Video append frame 663
00:07.062  render           | Video append frame 664
00:07.068  render           | Video append frame 665
00:07.075  render           | Video append frame 666
00:07.080  render           | Video append frame 667
00:07.088  render           | Video append frame 668
00:07.096  render           | Video append frame 669
00:07.104  render           | Video append frame 670
00:07.111  render           | Video append frame 671
00:07.117  render           | Video append frame 672
00:07.123  render           | Video append frame 673
00:07.128  render           | Video append frame 674
00:07.133  render           | Video append frame 675
00:07.141  render           | Video append frame 676
00:07.146  render           | Video append frame 677
00:07.152  render           | Video append frame 678
00:07.158  render           | Video append frame 679
00:07.164  render           | Video append frame 680
00:07.171  render           | Video append frame 681
00:07.177  render           | Video append frame 682
00:07.185  render           | Video append frame 683
00:07.191  render           | Video append frame 684
00:07.197  render           | Video append frame 685
00:07.205  render           | Video append frame 686
00:07.210  render           | Video append frame 687
00:07.216  render           | Video append frame 688
00:07.222  render           | Video append frame 689
00:07.228  render           | Video append frame 690
00:07.233  render           | Video append frame 691
00:07.240  render           | Video append frame 692
00:07.245  render           | Video append frame 693
00:07.250  render           | Video append frame 694
00:07.256  render           | Video append frame 695
00:07.265  render           | Video append frame 696
00:07.270  render           | Video append frame 697
00:07.276  render           | Video append frame 698
00:07.282  render           | Video append frame 699
00:07.287  render           | Video append frame 700
00:07.294  render           | Video append frame 701
00:07.300  render           | Video append frame 702
00:07.306  render           | Video append frame 703
00:07.312  render           | Video append frame 704
00:07.319  render           | Video append frame 705
00:07.327  render           | Video append frame 706
00:07.333  render           | Video append frame 707
00:07.339  render           | Video append frame 708
00:07.347  render           | Video append frame 709
00:07.357  render           | Video append frame 710
00:07.366  render           | Video append frame 711
00:07.372  render           | Video append frame 712
00:07.382  render           | Video append frame 713
00:07.387  render           | Video append frame 714
00:07.394  render           | Video append frame 715
00:07.398  render           | Video append frame 716
00:07.405  render           | Video append frame 717
00:07.410  render           | Video append frame 718
00:07.418  render           | Video append frame 719
00:07.422  render           | Video append frame 720
00:07.430  render           | Video append frame 721
00:07.435  render           | Video append frame 722
00:07.442  render           | Video append frame 723
00:07.447  render           | Video append frame 724
00:07.453  render           | Video append frame 725
00:07.460  render           | Video append frame 726
00:07.465  render           | Video append frame 727
00:07.471  render           | Video append frame 728
00:07.477  render           | Video append frame 729
00:07.483  render           | Video append frame 730
00:07.489  render           | Video append frame 731
00:07.495  render           | Video append frame 732
00:07.503  render           | Video append frame 733
00:07.509  render           | Video append frame 734
00:07.514  render           | Video append frame 735
00:07.521  render           | Video append frame 736
00:07.527  render           | Video append frame 737
00:07.532  render           | Video append frame 738
00:07.539  render           | Video append frame 739
00:07.546  render           | Video append frame 740
00:07.551  render           | Video append frame 741
00:07.557  render           | Video append frame 742
00:07.563  render           | Video append frame 743
00:07.569  render           | Video append frame 744
00:07.577  render           | Video append frame 745
00:07.582  render           | Video append frame 746
00:07.590  render           | Video append frame 747
00:07.596  render           | Video append frame 748
00:07.603  render           | Video append frame 749
00:07.610  render           | Video append frame 750
00:07.622  render           | Video append frame 751
00:07.628  render           | Video append frame 752
00:07.635  render           | Video append frame 753
00:07.642  render           | Video append frame 754
00:07.647  render           | Video append frame 755
00:07.654  render           | Video append frame 756
00:07.661  render           | Video append frame 757
00:07.670  render           | Video append frame 758
00:07.676  render           | Video append frame 759
00:07.684  render           | Video append frame 760
00:07.691  render           | Video append frame 761
00:07.696  render           | Video append frame 762
00:07.704  render           | Video append frame 763
00:07.710  render           | Video append frame 764
00:07.716  render           | Video append frame 765
00:07.726  render           | Video append frame 766
00:07.738  render           | Video append frame 767
00:07.746  render           | Video append frame 768
00:07.754  render           | Video append frame 769
00:07.761  render           | Video append frame 770
00:07.768  render           | Video append frame 771
00:07.777  render           | Video append frame 772
00:07.786  render           | Video append frame 773
00:07.796  render           | Video append frame 774
00:07.803  render           | Video append frame 775
00:07.811  render           | Video append frame 776
00:07.820  render           | Video append frame 777
00:07.827  render           | Video append frame 778
00:07.834  render           | Video append frame 779
00:07.840  render           | Video append frame 780
00:07.849  render           | Video append frame 781
00:07.855  render           | Video append frame 782
00:07.864  render           | Video append frame 783
00:07.869  render           | Video append frame 784
00:07.876  render           | Video append frame 785
00:07.884  render           | Video append frame 786
00:07.891  render           | Video append frame 787
00:07.898  render           | Video append frame 788
00:07.905  render           | Video append frame 789
00:07.911  render           | Video append frame 790
00:07.916  render           | Video append frame 791
00:07.923  render           | Video append frame 792
00:07.930  render           | Video append frame 793
00:07.937  render           | Video append frame 794
00:07.944  render           | Video append frame 795
00:07.951  render           | Video append frame 796
00:07.959  render           | Video append frame 797
00:07.966  render           | Video append frame 798
00:07.972  render           | Video append frame 799
00:07.977  render           | Video append frame 800
00:07.985  render           | Video append frame 801
00:07.990  render           | Video append frame 802
00:07.997  render           | Video append frame 803
00:08.003  render           | Video append frame 804
00:08.008  render           | Video append frame 805
00:08.014  render           | Video append frame 806
00:08.019  render           | Video append frame 807
00:08.025  render           | Video append frame 808
00:08.031  render           | Video append frame 809
00:08.037  render           | Video append frame 810
00:08.045  render           | Video append frame 811
00:08.050  render           | Video append frame 812
00:08.057  render           | Video append frame 813
00:08.062  render           | Video append frame 814
00:08.070  render           | Video append frame 815
00:08.077  render           | Video append frame 816
00:08.082  render           | Video append frame 817
00:08.090  render           | Video append frame 818
00:08.097  render           | Video append frame 819
00:08.101  render           | Video append frame 820
00:08.108  render           | Video append frame 821
00:08.114  render           | Video append frame 822
00:08.120  render           | Video append frame 823
00:08.126  render           | Video append frame 824
00:08.133  render           | Video append frame 825
00:08.138  render           | Video append frame 826
00:08.143  render           | Video append frame 827
00:08.148  render           | Video append frame 828
00:08.154  render           | Video append frame 829
00:08.160  render           | Video append frame 830
00:08.168  render           | Video append frame 831
00:08.173  render           | Video append frame 832
00:08.180  render           | Video append frame 833
00:08.185  render           | Video append frame 834
00:08.191  render           | Video append frame 835
00:08.196  render           | Video append frame 836
00:08.202  render           | Video append frame 837
00:08.209  render           | Video append frame 838
00:08.213  render           | Video append frame 839
00:08.220  render           | Video append frame 840
00:08.227  render           | Video append frame 841
00:08.234  render           | Video append frame 842
00:08.240  render           | Video append frame 843
00:08.245  render           | Video append frame 844
00:08.252  render           | Video append frame 845
00:08.259  render           | Video append frame 846
00:08.265  render           | Video append frame 847
00:08.272  render           | Video append frame 848
00:08.279  render           | Video append frame 849
00:08.286  render           | Video append frame 850
00:08.291  render           | Video append frame 851
00:08.297  render           | Video append frame 852
00:08.303  render           | Video append frame 853
00:08.310  render           | Video append frame 854
00:08.318  render           | Video append frame 855
00:08.325  render           | Video append frame 856
00:08.330  render           | Video append frame 857
00:08.336  render           | Video append frame 858
00:08.342  render           | Video append frame 859
00:08.348  render           | Video append frame 860
00:08.354  render           | Video append frame 861
00:08.360  render           | Video append frame 862
00:08.365  render           | Video append frame 863
00:08.370  render           | Video append frame 864
00:08.376  render           | Video append frame 865
00:08.383  render           | Video append frame 866
00:08.389  render           | Video append frame 867
00:08.395  render           | Video append frame 868
00:08.402  render           | Video append frame 869
00:08.409  render           | Video append frame 870
00:08.421  render           | Video append frame 871
00:08.426  render           | Video append frame 872
00:08.432  render           | Video append frame 873
00:08.439  render           | Video append frame 874
00:08.446  render           | Video append frame 875
00:08.451  render           | Video append frame 876
00:08.456  render           | Video append frame 877
00:08.462  render           | Video append frame 878
00:08.469  render           | Video append frame 879
00:08.475  render           | Video append frame 880
00:08.481  render           | Video append frame 881
00:08.487  render           | Video append frame 882
00:08.493  render           | Video append frame 883
00:08.500  render           | Video append frame 884
00:08.506  render           | Video append frame 885
00:08.512  render           | Video append frame 886
00:08.517  render           | Video append frame 887
00:08.524  render           | Video append frame 888
00:08.530  render           | Video append frame 889
00:08.537  render           | Video append frame 890
00:08.545  render           | Video append frame 891
00:08.554  render           | Video append frame 892
00:08.562  render           | Video append frame 893
00:08.569  render           | Video append frame 894
00:08.575  render           | Video append frame 895
00:08.583  render           | Video append frame 896
00:08.594  render           | Video append frame 897
00:08.609  render           | Video append frame 898
00:08.616  render           | Video append frame 899
00:08.623  render           | Video append frame 900
00:08.630  render           | Video append frame 901
00:08.638  render           | Video append frame 902
00:08.645  render           | Video append frame 903
00:08.653  render           | Video append frame 904
00:08.663  render           | Video append frame 905
00:08.669  render           | Video append frame 906
00:08.675  render           | Video append frame 907
00:08.684  render           | Video append frame 908
00:08.690  render           | Video append frame 909
00:08.696  render           | Video append frame 910
00:08.702  render           | Video append frame 911
00:08.709  render           | Video append frame 912
00:08.717  render           | Video append frame 913
00:08.725  render           | Video append frame 914
00:08.731  render           | Video append frame 915
00:08.739  render           | Video append frame 916
00:08.746  render           | Video append frame 917
00:08.752  render           | Video append frame 918
00:08.760  render           | Video append frame 919
00:08.772  render           | Video append frame 920
00:08.779  render           | Video append frame 921
00:08.785  render           | Video append frame 922
00:08.794  render           | Video append frame 923
00:08.800  render           | Video append frame 924
00:08.806  render           | Video append frame 925
00:08.811  render           | Video append frame 926
00:08.818  render           | Video append frame 927
00:08.827  render           | Video append frame 928
00:08.835  render           | Video append frame 929
00:08.842  render           | Video append frame 930
00:08.850  render           | Video append frame 931
00:08.855  render           | Video append frame 932
00:08.860  render           | Video append frame 933
00:08.866  render           | Video append frame 934
00:08.871  render           | Video append frame 935
00:08.878  render           | Video append frame 936
00:08.884  render           | Video append frame 937
00:08.891  render           | Video append frame 938
00:08.899  render           | Video append frame 939
00:08.905  render           | Video append frame 940
00:08.911  render           | Video append frame 941
00:08.916  render           | Video append frame 942
00:08.923  render           | Video append frame 943
00:08.930  render           | Video append frame 944
00:08.937  render           | Video append frame 945
00:08.946  render           | Video append frame 946
00:08.953  render           | Video append frame 947
00:08.960  render           | Video append frame 948
00:08.964  render           | Video append frame 949
00:08.971  render           | Video append frame 950
00:08.977  render           | Video append frame 951
00:08.985  render           | Video append frame 952
00:08.995  render           | Video append frame 953
00:09.001  render           | Video append frame 954
00:09.007  render           | Video append frame 955
00:09.013  render           | Video append frame 956
00:09.018  render           | Video append frame 957
00:09.024  render           | Video append frame 958
00:09.031  render           | Video append frame 959
00:09.036  render           | Video append frame 960
00:09.043  render           | Video append frame 961
00:09.049  render           | Video append frame 962
00:09.055  render           | Video append frame 963
00:09.060  render           | Video append frame 964
00:09.068  render           | Video append frame 965
00:09.075  render           | Video append frame 966
00:09.080  render           | Video append frame 967
00:09.087  render           | Video append frame 968
00:09.095  render           | Video append frame 969
00:09.099  render           | Video append frame 970
00:09.106  render           | Video append frame 971
00:09.112  render           | Video append frame 972
00:09.119  render           | Video append frame 973
00:09.125  render           | Video append frame 974
00:09.131  render           | Video append frame 975
00:09.196  render           | Video append frame 976
00:09.202  render           | Video append frame 977
00:09.208  render           | Video append frame 978
00:09.212  render           | Video append frame 979
00:09.217  render           | Video append frame 980
00:09.223  render           | Video append frame 981
00:09.228  render           | Video append frame 982
00:09.235  render           | Video append frame 983
00:09.241  render           | Video append frame 984
00:09.246  render           | Video append frame 985
00:09.250  render           | Video append frame 986
00:09.256  render           | Video append frame 987
00:09.262  render           | Video append frame 988
00:09.266  render           | Video append frame 989
00:09.270  render           | Video append frame 990
00:09.276  render           | Video append frame 991
00:09.282  render           | Video append frame 992
00:09.288  render           | Video append frame 993
00:09.293  render           | Video append frame 994
00:09.297  render           | Video append frame 995
00:09.305  render           | Video append frame 996
00:09.309  render           | Video append frame 997
00:09.314  render           | Video append frame 998
00:09.319  render           | Video append frame 999
00:09.325  render           | Video append frame 1000
00:09.329  render           | Video append frame 1001
00:09.334  render           | Video append frame 1002
00:09.339  render           | Video append frame 1003
00:09.345  render           | Video append frame 1004
00:09.350  render           | Video append frame 1005
00:09.356  render           | Video append frame 1006
00:09.362  render           | Video append frame 1007
00:09.367  render           | Video append frame 1008
00:09.372  render           | Video append frame 1009
00:09.379  render           | Video append frame 1010
00:09.385  render           | Video append frame 1011
00:09.390  render           | Video append frame 1012
00:09.395  render           | Video append frame 1013
00:09.400  render           | Video append frame 1014
00:09.406  render           | Video append frame 1015
00:09.412  render           | Video append frame 1016
00:09.417  render           | Video append frame 1017
00:09.422  render           | Video append frame 1018
00:09.428  render           | Video append frame 1019
00:09.434  render           | Video append frame 1020
00:09.443  render           | Video append frame 1021
00:09.447  render           | Video append frame 1022
00:09.453  render           | Video append frame 1023
00:09.458  render           | Video append frame 1024
00:09.463  render           | Video append frame 1025
00:09.469  render           | Video append frame 1026
00:09.474  render           | Video append frame 1027
00:09.481  render           | Video append frame 1028
00:09.487  render           | Video append frame 1029
00:09.492  render           | Video append frame 1030
00:09.496  render           | Video append frame 1031
00:09.501  render           | Video append frame 1032
00:09.508  render           | Video append frame 1033
00:09.514  render           | Video append frame 1034
00:09.521  render           | Video append frame 1035
00:09.526  render           | Video append frame 1036
00:09.534  render           | Video append frame 1037
00:09.542  render           | Video append frame 1038
00:09.552  render           | Video append frame 1039
00:09.559  render           | Video append frame 1040
00:09.566  render           | Video append frame 1041
00:09.576  render           | Video append frame 1042
00:09.588  render           | Video append frame 1043
00:09.597  render           | Video append frame 1044
00:09.604  render           | Video append frame 1045
00:09.614  render           | Video append frame 1046
00:09.621  render           | Video append frame 1047
00:09.629  render           | Video append frame 1048
00:09.636  render           | Video append frame 1049
00:09.643  render           | Video append frame 1050
00:09.651  render           | Video append frame 1051
00:09.658  render           | Video append frame 1052
00:09.670  render           | Video append frame 1053
00:09.681  render           | Video append frame 1054
00:09.693  render           | Video append frame 1055
00:09.700  render           | Video append frame 1056
00:09.706  render           | Video append frame 1057
00:09.711  render           | Video append frame 1058
00:09.718  render           | Video append frame 1059
00:09.724  render           | Video append frame 1060
00:09.733  render           | Video append frame 1061
00:09.739  render           | Video append frame 1062
00:09.798  render           | Video append frame 1063
00:09.820  render           | Video append frame 1064
00:09.833  render           | Video append frame 1065
00:09.841  render           | Video append frame 1066
00:09.860  render           | Video append frame 1067
00:09.866  render           | Video append frame 1068
00:09.876  render           | Video append frame 1069
00:09.886  render           | Video append frame 1070
00:09.894  render           | Video append frame 1071
00:09.901  render           | Video append frame 1072
00:09.908  render           | Video append frame 1073
00:09.916  render           | Video append frame 1074
00:09.923  render           | Video append frame 1075
00:09.929  render           | Video append frame 1076
00:09.938  render           | Video append frame 1077
00:09.944  render           | Video append frame 1078
00:09.952  render           | Video append frame 1079
00:09.959  render           | Video append frame 1080
00:09.966  render           | Video append frame 1081
00:09.972  render           | Video append frame 1082
00:09.977  render           | Video append frame 1083
00:09.982  render           | Video append frame 1084
00:09.989  render           | Video append frame 1085
00:09.994  render           | Video append frame 1086
00:10.000  render           | Video append frame 1087
00:10.005  render           | Video append frame 1088
00:10.011  render           | Video append frame 1089
00:10.016  render           | Video append frame 1090
00:10.021  render           | Video append frame 1091
00:10.026  render           | Video append frame 1092
00:10.032  render           | Video append frame 1093
00:10.038  render           | Video append frame 1094
00:10.044  render           | Video append frame 1095
00:10.049  render           | Video append frame 1096
00:10.054  render           | Video append frame 1097
00:10.059  render           | Video append frame 1098
00:10.065  render           | Video append frame 1099
00:10.071  render           | Video append frame 1100
00:10.078  render           | Video append frame 1101
00:10.083  render           | Video append frame 1102
00:10.088  render           | Video append frame 1103
00:10.093  render           | Video append frame 1104
00:10.098  render           | Video append frame 1105
00:10.103  render           | Video append frame 1106
00:10.109  render           | Video append frame 1107
00:10.114  render           | Video append frame 1108
00:10.119  render           | Video append frame 1109
00:10.125  render           | Video append frame 1110
00:10.130  render           | Video append frame 1111
00:10.135  render           | Video append frame 1112
00:10.142  render           | Video append frame 1113
00:10.148  render           | Video append frame 1114
00:10.155  render           | Video append frame 1115
00:10.164  render           | Video append frame 1116
00:10.175  render           | Video append frame 1117
00:10.181  render           | Video append frame 1118
00:10.189  render           | Video append frame 1119
00:10.196  render           | Video append frame 1120
00:10.204  render           | Video append frame 1121
00:10.212  render           | Video append frame 1122
00:10.221  render           | Video append frame 1123
00:10.231  render           | Video append frame 1124
00:10.237  render           | Video append frame 1125
00:10.244  render           | Video append frame 1126
00:10.250  render           | Video append frame 1127
00:10.257  render           | Video append frame 1128
00:10.263  render           | Video append frame 1129
00:10.269  render           | Video append frame 1130
00:10.276  render           | Video append frame 1131
00:10.282  render           | Video append frame 1132
00:10.288  render           | Video append frame 1133
00:10.293  render           | Video append frame 1134
00:10.302  render           | Video append frame 1135
00:10.308  render           | Video append frame 1136
00:10.313  render           | Video append frame 1137
00:10.323  render           | Video append frame 1138
00:10.330  render           | Video append frame 1139
00:10.335  render           | Video append frame 1140
00:10.342  render           | Video append frame 1141
00:10.348  render           | Video append frame 1142
00:10.354  render           | Video append frame 1143
00:10.360  render           | Video append frame 1144
00:10.367  render           | Video append frame 1145
00:10.373  render           | Video append frame 1146
00:10.379  render           | Video append frame 1147
00:10.385  render           | Video append frame 1148
00:10.393  render           | Video append frame 1149
00:10.398  render           | Video append frame 1150
00:10.405  render           | Video append frame 1151
00:10.410  render           | Video append frame 1152
00:10.417  render           | Video append frame 1153
00:10.425  render           | Video append frame 1154
00:10.431  render           | Video append frame 1155
00:10.437  render           | Video append frame 1156
00:10.444  render           | Video append frame 1157
00:10.449  render           | Video append frame 1158
00:10.454  render           | Video append frame 1159
00:10.464  render           | Video append frame 1160
00:10.470  render           | Video append frame 1161
00:10.478  render           | Video append frame 1162
00:10.483  render           | Video append frame 1163
00:10.489  render           | Video append frame 1164
00:10.495  render           | Video append frame 1165
00:10.502  render           | Video append frame 1166
00:10.508  render           | Video append frame 1167
00:10.514  render           | Video append frame 1168
00:10.520  render           | Video append frame 1169
00:10.526  render           | Video append frame 1170
00:10.533  render           | Video append frame 1171
00:10.546  render           | Video append frame 1172
00:10.555  render           | Video append frame 1173
00:10.567  render           | Video append frame 1174
00:10.577  render           | Video append frame 1175
00:10.622  render           | Video append frame 1176
00:10.636  render           | Video append frame 1177
00:10.651  render           | Video append frame 1178
00:10.662  render           | Video append frame 1179
00:10.671  render           | Video append frame 1180
00:10.682  render           | Video append frame 1181
00:10.693  render           | Video append frame 1182
00:10.705  render           | Video append frame 1183
00:10.714  render           | Video append frame 1184
00:10.724  render           | Video append frame 1185
00:10.735  render           | Video append frame 1186
00:10.744  render           | Video append frame 1187
00:10.754  render           | Video append frame 1188
00:10.765  render           | Video append frame 1189
00:10.777  render           | Video append frame 1190
00:10.787  render           | Video append frame 1191
00:10.797  render           | Video append frame 1192
00:10.807  render           | Video append frame 1193
00:10.818  render           | Video append frame 1194
00:10.828  render           | Video append frame 1195
00:10.838  render           | Video append frame 1196
00:10.849  render           | Video append frame 1197
00:10.861  render           | Video append frame 1198
00:10.871  render           | Video append frame 1199
00:10.882  render           | Video append frame 1200
Info: Saved as "Khatib-Software.blend"
Blender 5.2.0 LTS (hash fbe6228777e7 built 2026-07-14 01:31:22)

Blender quit
